// Vitest Snapshot v1, https://vitest.dev/guide/snapshot.html

exports[`compliance catalog authoring contract > keeps persistent IDs unique and localized section IDs aligned 1`] = `
[
  "ch-2-b",
  "ch-2-c",
  "ch-2-d",
  "ch-2-e",
  "ch-2-f",
  "ch-7-a-1-1",
  "ch-7-a-1-2",
  "ch-7-a-2-1",
  "ch-7-a-2-2",
  "ch-motor-2-b",
  "ch-motor-2-c",
  "ch-motor-2-d",
  "ch-motor-2-e",
  "ch-motor-2-f",
  "ch-7-b-1-1",
  "ch-7-b-1-2",
  "ch-7-b-2-1",
  "ch-7-b-2-2",
  "ch-8-sail-prerequisite",
  "ch-8-a-1",
  "ch-8-a-2",
  "ch-8-motor-prerequisite",
  "ch-8-b-1",
  "ch-8-b-2",
  "de-SpFV-8-1",
  "de-SpFV-8-2",
  "de-SportSeeSchV-6-1-1",
  "de-SportSeeSchV-6-1-2",
  "de-SportSeeSchV-6-1-3",
  "de-SportSeeSchV-6-2-1",
  "de-SportSeeSchV-6-2-2",
  "de-SportSeeSchV-6-2-3",
  "de-SportSeeSchV-6-3-2",
  "de-SportSeeSchV-6-3-3",
  "de-SportSeeSchV-6-3-5",
]
`;
